
  Determining projects to restore...
  All projects are up-to-date for restore.
  StoryVerse.Shared -> 
D:\Sachi\Documents\Projects\Web_StoryVerse\StoryVerse.Shared\bin\Debug\net8.0\StoryVerse.Shared.dll
  StoryVerse.Core -> D:\Sachi\Documents\Projects\Web_StoryVerse\StoryVerse.Core\bin\Debug\net8.0\StoryVerse.Core.dll
  StoryVerse.Application -> 
D:\Sachi\Documents\Projects\Web_StoryVerse\StoryVerse.Application\bin\Debug\net8.0\StoryVerse.Application.dll
  StoryVerse.Infrastructure -> 
D:\Sachi\Documents\Projects\Web_StoryVerse\StoryVerse.Infrastructure\bin\Debug\net8.0\StoryVerse.Infrastructure.dll
C:\Program Files\dotnet\sdk\10.0.301\Microsoft.Common.CurrentVersion.targets(5096,5): warning MSB3026: Could not copy 
"D:\Sachi\Documents\Projects\Web_StoryVerse\StoryVerse.Infrastructure\bin\Debug\net8.0\StoryVerse.Infrastructure.pdb" 
to "bin\Debug\net8.0\StoryVerse.Infrastructure.pdb". Beginning retry 1 in 1000ms. The process cannot access the file 
'D:\Sachi\Documents\Projects\Web_StoryVerse\StoryVerse.Web\bin\Debug\net8.0\StoryVerse.Infrastructure.pdb' because it 
is being used by another process. The file is locked by: "Microsoft Visual Studio (18764)" 
[D:\Sachi\Documents\Projects\Web_StoryVerse\StoryVerse.Web\StoryVerse.Web.csproj]
C:\Program Files\dotnet\sdk\10.0.301\Microsoft.Common.CurrentVersion.targets(5096,5): warning MSB3026: Could not copy 
"D:\Sachi\Documents\Projects\Web_StoryVerse\StoryVerse.Core\bin\Debug\net8.0\StoryVerse.Core.dll" to 
"bin\Debug\net8.0\StoryVerse.Core.dll". Beginning retry 1 in 1000ms. The process cannot access the file 
'D:\Sachi\Documents\Projects\Web_StoryVerse\StoryVerse.Web\bin\Debug\net8.0\StoryVerse.Core.dll' because it is being 
used by another process. The file is locked by: "StoryVerse.Web (6016)" 
[D:\Sachi\Documents\Projects\Web_StoryVerse\StoryVerse.Web\StoryVerse.Web.csproj]
C:\Program Files\dotnet\sdk\10.0.301\Microsoft.Common.CurrentVersion.targets(5096,5): warning MSB3026: Could not copy 
"D:\Sachi\Documents\Projects\Web_StoryVerse\StoryVerse.Infrastructure\bin\Debug\net8.0\StoryVerse.Infrastructure.dll" 
to "bin\Debug\net8.0\StoryVerse.Infrastructure.dll". Beginning retry 1 in 1000ms. The process cannot access the file 
'D:\Sachi\Documents\Projects\Web_StoryVerse\StoryVerse.Web\bin\Debug\net8.0\StoryVerse.Infrastructure.dll' because it 
is being used by another process. The file is locked by: "Microsoft Visual Studio (18764), StoryVerse.Web (6016)" 
[D:\Sachi\Documents\Projects\Web_StoryVerse\StoryVerse.Web\StoryVerse.Web.csproj]
C:\Program Files\dotnet\sdk\10.0.301\Microsoft.Common.CurrentVersion.targets(5096,5): warning MSB3026: Could not copy 
"D:\Sachi\Documents\Projects\Web_StoryVerse\StoryVerse.Core\bin\Debug\net8.0\StoryVerse.Core.dll" to 
"bin\Debug\net8.0\StoryVerse.Core.dll". Beginning retry 2 in 1000ms. The process cannot access the file 
'D:\Sachi\Documents\Projects\Web_StoryVerse\StoryVerse.Web\bin\Debug\net8.0\StoryVerse.Core.dll' because it is being 
used by another process. The file is locked by: "StoryVerse.Web (6016)" 
[D:\Sachi\Documents\Projects\Web_StoryVerse\StoryVerse.Web\StoryVerse.Web.csproj]
C:\Program Files\dotnet\sdk\10.0.301\Microsoft.Common.CurrentVersion.targets(5096,5): warning MSB3026: Could not copy 
"D:\Sachi\Documents\Projects\Web_StoryVerse\StoryVerse.Infrastructure\bin\Debug\net8.0\StoryVerse.Infrastructure.pdb" 
to "bin\Debug\net8.0\StoryVerse.Infrastructure.pdb". Beginning retry 2 in 1000ms. The process cannot access the file 
'D:\Sachi\Documents\Projects\Web_StoryVerse\StoryVerse.Web\bin\Debug\net8.0\StoryVerse.Infrastructure.pdb' because it 
is being used by another process. The file is locked by: "Microsoft Visual Studio (18764)" 
[D:\Sachi\Documents\Projects\Web_StoryVerse\StoryVerse.Web\StoryVerse.Web.csproj]
C:\Program Files\dotnet\sdk\10.0.301\Microsoft.Common.CurrentVersion.targets(5096,5): warning MSB3026: Could not copy 
"D:\Sachi\Documents\Projects\Web_StoryVerse\StoryVerse.Infrastructure\bin\Debug\net8.0\StoryVerse.Infrastructure.dll" 
to "bin\Debug\net8.0\StoryVerse.Infrastructure.dll". Beginning retry 2 in 1000ms. The process cannot access the file 
'D:\Sachi\Documents\Projects\Web_StoryVerse\StoryVerse.Web\bin\Debug\net8.0\StoryVerse.Infrastructure.dll' because it 
is being used by another process. The file is locked by: "Microsoft Visual Studio (18764), StoryVerse.Web (6016)" 
[D:\Sachi\Documents\Projects\Web_StoryVerse\StoryVerse.Web\StoryVerse.Web.csproj]
C:\Program Files\dotnet\sdk\10.0.301\Microsoft.Common.CurrentVersion.targets(5096,5): warning MSB3026: Could not copy 
"D:\Sachi\Documents\Projects\Web_StoryVerse\StoryVerse.Core\bin\Debug\net8.0\StoryVerse.Core.dll" to 
"bin\Debug\net8.0\StoryVerse.Core.dll". Beginning retry 3 in 1000ms. The process cannot access the file 
'D:\Sachi\Documents\Projects\Web_StoryVerse\StoryVerse.Web\bin\Debug\net8.0\StoryVerse.Core.dll' because it is being 
used by another process. The file is locked by: "StoryVerse.Web (6016)" 
[D:\Sachi\Documents\Projects\Web_StoryVerse\StoryVerse.Web\StoryVerse.Web.csproj]
C:\Program Files\dotnet\sdk\10.0.301\Microsoft.Common.CurrentVersion.targets(5096,5): warning MSB3026: Could not copy 
"D:\Sachi\Documents\Projects\Web_StoryVerse\StoryVerse.Infrastructure\bin\Debug\net8.0\StoryVerse.Infrastructure.pdb" 
to "bin\Debug\net8.0\StoryVerse.Infrastructure.pdb". Beginning retry 3 in 1000ms. The process cannot access the file 
'D:\Sachi\Documents\Projects\Web_StoryVerse\StoryVerse.Web\bin\Debug\net8.0\StoryVerse.Infrastructure.pdb' because it 
is being used by another process. The file is locked by: "Microsoft Visual Studio (18764)" 
[D:\Sachi\Documents\Projects\Web_StoryVerse\StoryVerse.Web\StoryVerse.Web.csproj]
C:\Program Files\dotnet\sdk\10.0.301\Microsoft.Common.CurrentVersion.targets(5096,5): warning MSB3026: Could not copy 
"D:\Sachi\Documents\Projects\Web_StoryVerse\StoryVerse.Infrastructure\bin\Debug\net8.0\StoryVerse.Infrastructure.dll" 
to "bin\Debug\net8.0\StoryVerse.Infrastructure.dll". Beginning retry 3 in 1000ms. The process cannot access the file 
'D:\Sachi\Documents\Projects\Web_StoryVerse\StoryVerse.Web\bin\Debug\net8.0\StoryVerse.Infrastructure.dll' because it 
is being used by another process. The file is locked by: "Microsoft Visual Studio (18764), StoryVerse.Web (6016)" 
[D:\Sachi\Documents\Projects\Web_StoryVerse\StoryVerse.Web\StoryVerse.Web.csproj]
C:\Program Files\dotnet\sdk\10.0.301\Microsoft.Common.CurrentVersion.targets(5096,5): warning MSB3026: Could not copy 
"D:\Sachi\Documents\Projects\Web_StoryVerse\StoryVerse.Infrastructure\bin\Debug\net8.0\StoryVerse.Infrastructure.pdb" 
to "bin\Debug\net8.0\StoryVerse.Infrastructure.pdb". Beginning retry 4 in 1000ms. The process cannot access the file 
'D:\Sachi\Documents\Projects\Web_StoryVerse\StoryVerse.Web\bin\Debug\net8.0\StoryVerse.Infrastructure.pdb' because it 
is being used by another process. The file is locked by: "Microsoft Visual Studio (18764)" 
[D:\Sachi\Documents\Projects\Web_StoryVerse\StoryVerse.Web\StoryVerse.Web.csproj]
C:\Program Files\dotnet\sdk\10.0.301\Microsoft.Common.CurrentVersion.targets(5096,5): warning MSB3026: Could not copy 
"D:\Sachi\Documents\Projects\Web_StoryVerse\StoryVerse.Core\bin\Debug\net8.0\StoryVerse.Core.dll" to 
"bin\Debug\net8.0\StoryVerse.Core.dll". Beginning retry 4 in 1000ms. The process cannot access the file 
'D:\Sachi\Documents\Projects\Web_StoryVerse\StoryVerse.Web\bin\Debug\net8.0\StoryVerse.Core.dll' because it is being 
used by another process. The file is locked by: "StoryVerse.Web (6016)" 
[D:\Sachi\Documents\Projects\Web_StoryVerse\StoryVerse.Web\StoryVerse.Web.csproj]
C:\Program Files\dotnet\sdk\10.0.301\Microsoft.Common.CurrentVersion.targets(5096,5): warning MSB3026: Could not copy 
"D:\Sachi\Documents\Projects\Web_StoryVerse\StoryVerse.Infrastructure\bin\Debug\net8.0\StoryVerse.Infrastructure.dll" 
to "bin\Debug\net8.0\StoryVerse.Infrastructure.dll". Beginning retry 4 in 1000ms. The process cannot access the file 
'D:\Sachi\Documents\Projects\Web_StoryVerse\StoryVerse.Web\bin\Debug\net8.0\StoryVerse.Infrastructure.dll' because it 
is being used by another process. The file is locked by: "Microsoft Visual Studio (18764), StoryVerse.Web (6016)" 
[D:\Sachi\Documents\Projects\Web_StoryVerse\StoryVerse.Web\StoryVerse.Web.csproj]
C:\Program Files\dotnet\sdk\10.0.301\Microsoft.Common.CurrentVersion.targets(5096,5): warning MSB3026: Could not copy 
"D:\Sachi\Documents\Projects\Web_StoryVerse\StoryVerse.Core\bin\Debug\net8.0\StoryVerse.Core.dll" to 
"bin\Debug\net8.0\StoryVerse.Core.dll". Beginning retry 5 in 1000ms. The process cannot access the file 
'D:\Sachi\Documents\Projects\Web_StoryVerse\StoryVerse.Web\bin\Debug\net8.0\StoryVerse.Core.dll' because it is being 
used by another process. The file is locked by: "StoryVerse.Web (6016)" 
[D:\Sachi\Documents\Projects\Web_StoryVerse\StoryVerse.Web\StoryVerse.Web.csproj]
C:\Program Files\dotnet\sdk\10.0.301\Microsoft.Common.CurrentVersion.targets(5096,5): warning MSB3026: Could not copy 
"D:\Sachi\Documents\Projects\Web_StoryVerse\StoryVerse.Infrastructure\bin\Debug\net8.0\StoryVerse.Infrastructure.pdb" 
to "bin\Debug\net8.0\StoryVerse.Infrastructure.pdb". Beginning retry 5 in 1000ms. The process cannot access the file 
'D:\Sachi\Documents\Projects\Web_StoryVerse\StoryVerse.Web\bin\Debug\net8.0\StoryVerse.Infrastructure.pdb' because it 
is being used by another process. The file is locked by: "Microsoft Visual Studio (18764)" 
[D:\Sachi\Documents\Projects\Web_StoryVerse\StoryVerse.Web\StoryVerse.Web.csproj]
C:\Program Files\dotnet\sdk\10.0.301\Microsoft.Common.CurrentVersion.targets(5096,5): warning MSB3026: Could not copy 
"D:\Sachi\Documents\Projects\Web_StoryVerse\StoryVerse.Infrastructure\bin\Debug\net8.0\StoryVerse.Infrastructure.dll" 
to "bin\Debug\net8.0\StoryVerse.Infrastructure.dll". Beginning retry 5 in 1000ms. The process cannot access the file 
'D:\Sachi\Documents\Projects\Web_StoryVerse\StoryVerse.Web\bin\Debug\net8.0\StoryVerse.Infrastructure.dll' because it 
is being used by another process. The file is locked by: "Microsoft Visual Studio (18764), StoryVerse.Web (6016)" 
[D:\Sachi\Documents\Projects\Web_StoryVerse\StoryVerse.Web\StoryVerse.Web.csproj]
C:\Program Files\dotnet\sdk\10.0.301\Microsoft.Common.CurrentVersion.targets(5096,5): warning MSB3026: Could not copy 
"D:\Sachi\Documents\Projects\Web_StoryVerse\StoryVerse.Core\bin\Debug\net8.0\StoryVerse.Core.dll" to 
"bin\Debug\net8.0\StoryVerse.Core.dll". Beginning retry 6 in 1000ms. The process cannot access the file 
'D:\Sachi\Documents\Projects\Web_StoryVerse\StoryVerse.Web\bin\Debug\net8.0\StoryVerse.Core.dll' because it is being 
used by another process. The file is locked by: "StoryVerse.Web (6016)" 
[D:\Sachi\Documents\Projects\Web_StoryVerse\StoryVerse.Web\StoryVerse.Web.csproj]
C:\Program Files\dotnet\sdk\10.0.301\Microsoft.Common.CurrentVersion.targets(5096,5): warning MSB3026: Could not copy 
"D:\Sachi\Documents\Projects\Web_StoryVerse\StoryVerse.Infrastructure\bin\Debug\net8.0\StoryVerse.Infrastructure.pdb" 
to "bin\Debug\net8.0\StoryVerse.Infrastructure.pdb". Beginning retry 6 in 1000ms. The process cannot access the file 
'D:\Sachi\Documents\Projects\Web_StoryVerse\StoryVerse.Web\bin\Debug\net8.0\StoryVerse.Infrastructure.pdb' because it 
is being used by another process. The file is locked by: "Microsoft Visual Studio (18764)" 
[D:\Sachi\Documents\Projects\Web_StoryVerse\StoryVerse.Web\StoryVerse.Web.csproj]
C:\Program Files\dotnet\sdk\10.0.301\Microsoft.Common.CurrentVersion.targets(5096,5): warning MSB3026: Could not copy 
"D:\Sachi\Documents\Projects\Web_StoryVerse\StoryVerse.Infrastructure\bin\Debug\net8.0\StoryVerse.Infrastructure.dll" 
to "bin\Debug\net8.0\StoryVerse.Infrastructure.dll". Beginning retry 6 in 1000ms. The process cannot access the file 
'D:\Sachi\Documents\Projects\Web_StoryVerse\StoryVerse.Web\bin\Debug\net8.0\StoryVerse.Infrastructure.dll' because it 
is being used by another process. The file is locked by: "Microsoft Visual Studio (18764), StoryVerse.Web (6016)" 
[D:\Sachi\Documents\Projects\Web_StoryVerse\StoryVerse.Web\StoryVerse.Web.csproj]
C:\Program Files\dotnet\sdk\10.0.301\Microsoft.Common.CurrentVersion.targets(5096,5): warning MSB3026: Could not copy 
"D:\Sachi\Documents\Projects\Web_StoryVerse\StoryVerse.Core\bin\Debug\net8.0\StoryVerse.Core.dll" to 
"bin\Debug\net8.0\StoryVerse.Core.dll". Beginning retry 7 in 1000ms. The process cannot access the file 
'D:\Sachi\Documents\Projects\Web_StoryVerse\StoryVerse.Web\bin\Debug\net8.0\StoryVerse.Core.dll' because it is being 
used by another process. The file is locked by: "StoryVerse.Web (6016)" 
[D:\Sachi\Documents\Projects\Web_StoryVerse\StoryVerse.Web\StoryVerse.Web.csproj]
C:\Program Files\dotnet\sdk\10.0.301\Microsoft.Common.CurrentVersion.targets(5096,5): warning MSB3026: Could not copy 
"D:\Sachi\Documents\Projects\Web_StoryVerse\StoryVerse.Infrastructure\bin\Debug\net8.0\StoryVerse.Infrastructure.pdb" 
to "bin\Debug\net8.0\StoryVerse.Infrastructure.pdb". Beginning retry 7 in 1000ms. The process cannot access the file 
'D:\Sachi\Documents\Projects\Web_StoryVerse\StoryVerse.Web\bin\Debug\net8.0\StoryVerse.Infrastructure.pdb' because it 
is being used by another process. The file is locked by: "Microsoft Visual Studio (18764)" 
[D:\Sachi\Documents\Projects\Web_StoryVerse\StoryVerse.Web\StoryVerse.Web.csproj]
C:\Program Files\dotnet\sdk\10.0.301\Microsoft.Common.CurrentVersion.targets(5096,5): warning MSB3026: Could not copy 
"D:\Sachi\Documents\Projects\Web_StoryVerse\StoryVerse.Infrastructure\bin\Debug\net8.0\StoryVerse.Infrastructure.dll" 
to "bin\Debug\net8.0\StoryVerse.Infrastructure.dll". Beginning retry 7 in 1000ms. The process cannot access the file 
'D:\Sachi\Documents\Projects\Web_StoryVerse\StoryVerse.Web\bin\Debug\net8.0\StoryVerse.Infrastructure.dll' because it 
is being used by another process. The file is locked by: "Microsoft Visual Studio (18764), StoryVerse.Web (6016)" 
[D:\Sachi\Documents\Projects\Web_StoryVerse\StoryVerse.Web\StoryVerse.Web.csproj]
C:\Program Files\dotnet\sdk\10.0.301\Microsoft.Common.CurrentVersion.targets(5096,5): warning MSB3026: Could not copy 
"D:\Sachi\Documents\Projects\Web_StoryVerse\StoryVerse.Core\bin\Debug\net8.0\StoryVerse.Core.dll" to 
"bin\Debug\net8.0\StoryVerse.Core.dll". Beginning retry 8 in 1000ms. The process cannot access the file 
'D:\Sachi\Documents\Projects\Web_StoryVerse\StoryVerse.Web\bin\Debug\net8.0\StoryVerse.Core.dll' because it is being 
used by another process. The file is locked by: "StoryVerse.Web (6016)" 
[D:\Sachi\Documents\Projects\Web_StoryVerse\StoryVerse.Web\StoryVerse.Web.csproj]
C:\Program Files\dotnet\sdk\10.0.301\Microsoft.Common.CurrentVersion.targets(5096,5): warning MSB3026: Could not copy 
"D:\Sachi\Documents\Projects\Web_StoryVerse\StoryVerse.Infrastructure\bin\Debug\net8.0\StoryVerse.Infrastructure.pdb" 
to "bin\Debug\net8.0\StoryVerse.Infrastructure.pdb". Beginning retry 8 in 1000ms. The process cannot access the file 
'D:\Sachi\Documents\Projects\Web_StoryVerse\StoryVerse.Web\bin\Debug\net8.0\StoryVerse.Infrastructure.pdb' because it 
is being used by another process. The file is locked by: "Microsoft Visual Studio (18764)" 
[D:\Sachi\Documents\Projects\Web_StoryVerse\StoryVerse.Web\StoryVerse.Web.csproj]
C:\Program Files\dotnet\sdk\10.0.301\Microsoft.Common.CurrentVersion.targets(5096,5): warning MSB3026: Could not copy 
"D:\Sachi\Documents\Projects\Web_StoryVerse\StoryVerse.Infrastructure\bin\Debug\net8.0\StoryVerse.Infrastructure.dll" 
to "bin\Debug\net8.0\StoryVerse.Infrastructure.dll". Beginning retry 8 in 1000ms. The process cannot access the file 
'D:\Sachi\Documents\Projects\Web_StoryVerse\StoryVerse.Web\bin\Debug\net8.0\StoryVerse.Infrastructure.dll' because it 
is being used by another process. The file is locked by: "Microsoft Visual Studio (18764), StoryVerse.Web (6016)" 
[D:\Sachi\Documents\Projects\Web_StoryVerse\StoryVerse.Web\StoryVerse.Web.csproj]
C:\Program Files\dotnet\sdk\10.0.301\Microsoft.Common.CurrentVersion.targets(5096,5): warning MSB3026: Could not copy 
"D:\Sachi\Documents\Projects\Web_StoryVerse\StoryVerse.Core\bin\Debug\net8.0\StoryVerse.Core.dll" to 
"bin\Debug\net8.0\StoryVerse.Core.dll". Beginning retry 9 in 1000ms. The process cannot access the file 
'D:\Sachi\Documents\Projects\Web_StoryVerse\StoryVerse.Web\bin\Debug\net8.0\StoryVerse.Core.dll' because it is being 
used by another process. The file is locked by: "StoryVerse.Web (6016)" 
[D:\Sachi\Documents\Projects\Web_StoryVerse\StoryVerse.Web\StoryVerse.Web.csproj]
C:\Program Files\dotnet\sdk\10.0.301\Microsoft.Common.CurrentVersion.targets(5096,5): warning MSB3026: Could not copy 
"D:\Sachi\Documents\Projects\Web_StoryVerse\StoryVerse.Infrastructure\bin\Debug\net8.0\StoryVerse.Infrastructure.pdb" 
to "bin\Debug\net8.0\StoryVerse.Infrastructure.pdb". Beginning retry 9 in 1000ms. The process cannot access the file 
'D:\Sachi\Documents\Projects\Web_StoryVerse\StoryVerse.Web\bin\Debug\net8.0\StoryVerse.Infrastructure.pdb' because it 
is being used by another process. The file is locked by: "Microsoft Visual Studio (18764)" 
[D:\Sachi\Documents\Projects\Web_StoryVerse\StoryVerse.Web\StoryVerse.Web.csproj]
C:\Program Files\dotnet\sdk\10.0.301\Microsoft.Common.CurrentVersion.targets(5096,5): warning MSB3026: Could not copy 
"D:\Sachi\Documents\Projects\Web_StoryVerse\StoryVerse.Infrastructure\bin\Debug\net8.0\StoryVerse.Infrastructure.dll" 
to "bin\Debug\net8.0\StoryVerse.Infrastructure.dll". Beginning retry 9 in 1000ms. The process cannot access the file 
'D:\Sachi\Documents\Projects\Web_StoryVerse\StoryVerse.Web\bin\Debug\net8.0\StoryVerse.Infrastructure.dll' because it 
is being used by another process. The file is locked by: "Microsoft Visual Studio (18764), StoryVerse.Web (6016)" 
[D:\Sachi\Documents\Projects\Web_StoryVerse\StoryVerse.Web\StoryVerse.Web.csproj]
C:\Program Files\dotnet\sdk\10.0.301\Microsoft.Common.CurrentVersion.targets(5096,5): warning MSB3026: Could not copy 
"D:\Sachi\Documents\Projects\Web_StoryVerse\StoryVerse.Core\bin\Debug\net8.0\StoryVerse.Core.dll" to 
"bin\Debug\net8.0\StoryVerse.Core.dll". Beginning retry 10 in 1000ms. The process cannot access the file 
'D:\Sachi\Documents\Projects\Web_StoryVerse\StoryVerse.Web\bin\Debug\net8.0\StoryVerse.Core.dll' because it is being 
used by another process. The file is locked by: "StoryVerse.Web (6016)" 
[D:\Sachi\Documents\Projects\Web_StoryVerse\StoryVerse.Web\StoryVerse.Web.csproj]
C:\Program Files\dotnet\sdk\10.0.301\Microsoft.Common.CurrentVersion.targets(5096,5): warning MSB3026: Could not copy 
"D:\Sachi\Documents\Projects\Web_StoryVerse\StoryVerse.Infrastructure\bin\Debug\net8.0\StoryVerse.Infrastructure.pdb" 
to "bin\Debug\net8.0\StoryVerse.Infrastructure.pdb". Beginning retry 10 in 1000ms. The process cannot access the file 
'D:\Sachi\Documents\Projects\Web_StoryVerse\StoryVerse.Web\bin\Debug\net8.0\StoryVerse.Infrastructure.pdb' because it 
is being used by another process. The file is locked by: "Microsoft Visual Studio (18764)" 
[D:\Sachi\Documents\Projects\Web_StoryVerse\StoryVerse.Web\StoryVerse.Web.csproj]
C:\Program Files\dotnet\sdk\10.0.301\Microsoft.Common.CurrentVersion.targets(5096,5): warning MSB3026: Could not copy 
"D:\Sachi\Documents\Projects\Web_StoryVerse\StoryVerse.Infrastructure\bin\Debug\net8.0\StoryVerse.Infrastructure.dll" 
to "bin\Debug\net8.0\StoryVerse.Infrastructure.dll". Beginning retry 10 in 1000ms. The process cannot access the file 
'D:\Sachi\Documents\Projects\Web_StoryVerse\StoryVerse.Web\bin\Debug\net8.0\StoryVerse.Infrastructure.dll' because it 
is being used by another process. The file is locked by: "Microsoft Visual Studio (18764), StoryVerse.Web (6016)" 
[D:\Sachi\Documents\Projects\Web_StoryVerse\StoryVerse.Web\StoryVerse.Web.csproj]
C:\Program Files\dotnet\sdk\10.0.301\Microsoft.Common.CurrentVersion.targets(5096,5): error MSB3027: Could not copy 
"D:\Sachi\Documents\Projects\Web_StoryVerse\StoryVerse.Infrastructure\bin\Debug\net8.0\StoryVerse.Infrastructure.pdb" 
to "bin\Debug\net8.0\StoryVerse.Infrastructure.pdb". Exceeded retry count of 10. Failed. The file is locked by: 
"Microsoft Visual Studio (18764)" [D:\Sachi\Documents\Projects\Web_StoryVerse\StoryVerse.Web\StoryVerse.Web.csproj]
C:\Program Files\dotnet\sdk\10.0.301\Microsoft.Common.CurrentVersion.targets(5096,5): error MSB3027: Could not copy 
"D:\Sachi\Documents\Projects\Web_StoryVerse\StoryVerse.Core\bin\Debug\net8.0\StoryVerse.Core.dll" to 
"bin\Debug\net8.0\StoryVerse.Core.dll". Exceeded retry count of 10. Failed. The file is locked by: "StoryVerse.Web 
(6016)" [D:\Sachi\Documents\Projects\Web_StoryVerse\StoryVerse.Web\StoryVerse.Web.csproj]
C:\Program Files\dotnet\sdk\10.0.301\Microsoft.Common.CurrentVersion.targets(5096,5): error MSB3021: Unable to copy 
file "D:\Sachi\Documents\Projects\Web_StoryVerse\StoryVerse.Core\bin\Debug\net8.0\StoryVerse.Core.dll" to 
"bin\Debug\net8.0\StoryVerse.Core.dll". The process cannot access the file 
'D:\Sachi\Documents\Projects\Web_StoryVerse\StoryVerse.Web\bin\Debug\net8.0\StoryVerse.Core.dll' because it is being 
used by another process. [D:\Sachi\Documents\Projects\Web_StoryVerse\StoryVerse.Web\StoryVerse.Web.csproj]
C:\Program Files\dotnet\sdk\10.0.301\Microsoft.Common.CurrentVersion.targets(5096,5): error MSB3021: Unable to copy 
file 
"D:\Sachi\Documents\Projects\Web_StoryVerse\StoryVerse.Infrastructure\bin\Debug\net8.0\StoryVerse.Infrastructure.pdb" 
to "bin\Debug\net8.0\StoryVerse.Infrastructure.pdb". The process cannot access the file 
'D:\Sachi\Documents\Projects\Web_StoryVerse\StoryVerse.Web\bin\Debug\net8.0\StoryVerse.Infrastructure.pdb' because it 
is being used by another process. [D:\Sachi\Documents\Projects\Web_StoryVerse\StoryVerse.Web\StoryVerse.Web.csproj]
C:\Program Files\dotnet\sdk\10.0.301\Microsoft.Common.CurrentVersion.targets(5096,5): error MSB3027: Could not copy 
"D:\Sachi\Documents\Projects\Web_StoryVerse\StoryVerse.Infrastructure\bin\Debug\net8.0\StoryVerse.Infrastructure.dll" 
to "bin\Debug\net8.0\StoryVerse.Infrastructure.dll". Exceeded retry count of 10. Failed. The file is locked by: 
"Microsoft Visual Studio (18764), StoryVerse.Web (6016)" 
[D:\Sachi\Documents\Projects\Web_StoryVerse\StoryVerse.Web\StoryVerse.Web.csproj]
C:\Program Files\dotnet\sdk\10.0.301\Microsoft.Common.CurrentVersion.targets(5096,5): error MSB3021: Unable to copy 
file 
"D:\Sachi\Documents\Projects\Web_StoryVerse\StoryVerse.Infrastructure\bin\Debug\net8.0\StoryVerse.Infrastructure.dll" 
to "bin\Debug\net8.0\StoryVerse.Infrastructure.dll". The process cannot access the file 
'D:\Sachi\Documents\Projects\Web_StoryVerse\StoryVerse.Web\bin\Debug\net8.0\StoryVerse.Infrastructure.dll' because it 
is being used by another process. [D:\Sachi\Documents\Projects\Web_StoryVerse\StoryVerse.Web\StoryVerse.Web.csproj]

Build FAILED.

C:\Program Files\dotnet\sdk\10.0.301\Microsoft.Common.CurrentVersion.targets(5096,5): warning MSB3026: Could not copy 
"D:\Sachi\Documents\Projects\Web_StoryVerse\StoryVerse.Infrastructure\bin\Debug\net8.0\StoryVerse.Infrastructure.pdb" 
to "bin\Debug\net8.0\StoryVerse.Infrastructure.pdb". Beginning retry 1 in 1000ms. The process cannot access the file 
'D:\Sachi\Documents\Projects\Web_StoryVerse\StoryVerse.Web\bin\Debug\net8.0\StoryVerse.Infrastructure.pdb' because it 
is being used by another process. The file is locked by: "Microsoft Visual Studio (18764)" 
[D:\Sachi\Documents\Projects\Web_StoryVerse\StoryVerse.Web\StoryVerse.Web.csproj]
C:\Program Files\dotnet\sdk\10.0.301\Microsoft.Common.CurrentVersion.targets(5096,5): warning MSB3026: Could not copy 
"D:\Sachi\Documents\Projects\Web_StoryVerse\StoryVerse.Core\bin\Debug\net8.0\StoryVerse.Core.dll" to 
"bin\Debug\net8.0\StoryVerse.Core.dll". Beginning retry 1 in 1000ms. The process cannot access the file 
'D:\Sachi\Documents\Projects\Web_StoryVerse\StoryVerse.Web\bin\Debug\net8.0\StoryVerse.Core.dll' because it is being 
used by another process. The file is locked by: "StoryVerse.Web (6016)" 
[D:\Sachi\Documents\Projects\Web_StoryVerse\StoryVerse.Web\StoryVerse.Web.csproj]
C:\Program Files\dotnet\sdk\10.0.301\Microsoft.Common.CurrentVersion.targets(5096,5): warning MSB3026: Could not copy 
"D:\Sachi\Documents\Projects\Web_StoryVerse\StoryVerse.Infrastructure\bin\Debug\net8.0\StoryVerse.Infrastructure.dll" 
to "bin\Debug\net8.0\StoryVerse.Infrastructure.dll". Beginning retry 1 in 1000ms. The process cannot access the file 
'D:\Sachi\Documents\Projects\Web_StoryVerse\StoryVerse.Web\bin\Debug\net8.0\StoryVerse.Infrastructure.dll' because it 
is being used by another process. The file is locked by: "Microsoft Visual Studio (18764), StoryVerse.Web (6016)" 
[D:\Sachi\Documents\Projects\Web_StoryVerse\StoryVerse.Web\StoryVerse.Web.csproj]
C:\Program Files\dotnet\sdk\10.0.301\Microsoft.Common.CurrentVersion.targets(5096,5): warning MSB3026: Could not copy 
"D:\Sachi\Documents\Projects\Web_StoryVerse\StoryVerse.Core\bin\Debug\net8.0\StoryVerse.Core.dll" to 
"bin\Debug\net8.0\StoryVerse.Core.dll". Beginning retry 2 in 1000ms. The process cannot access the file 
'D:\Sachi\Documents\Projects\Web_StoryVerse\StoryVerse.Web\bin\Debug\net8.0\StoryVerse.Core.dll' because it is being 
used by another process. The file is locked by: "StoryVerse.Web (6016)" 
[D:\Sachi\Documents\Projects\Web_StoryVerse\StoryVerse.Web\StoryVerse.Web.csproj]
C:\Program Files\dotnet\sdk\10.0.301\Microsoft.Common.CurrentVersion.targets(5096,5): warning MSB3026: Could not copy 
"D:\Sachi\Documents\Projects\Web_StoryVerse\StoryVerse.Infrastructure\bin\Debug\net8.0\StoryVerse.Infrastructure.pdb" 
to "bin\Debug\net8.0\StoryVerse.Infrastructure.pdb". Beginning retry 2 in 1000ms. The process cannot access the file 
'D:\Sachi\Documents\Projects\Web_StoryVerse\StoryVerse.Web\bin\Debug\net8.0\StoryVerse.Infrastructure.pdb' because it 
is being used by another process. The file is locked by: "Microsoft Visual Studio (18764)" 
[D:\Sachi\Documents\Projects\Web_StoryVerse\StoryVerse.Web\StoryVerse.Web.csproj]
C:\Program Files\dotnet\sdk\10.0.301\Microsoft.Common.CurrentVersion.targets(5096,5): warning MSB3026: Could not copy 
"D:\Sachi\Documents\Projects\Web_StoryVerse\StoryVerse.Infrastructure\bin\Debug\net8.0\StoryVerse.Infrastructure.dll" 
to "bin\Debug\net8.0\StoryVerse.Infrastructure.dll". Beginning retry 2 in 1000ms. The process cannot access the file 
'D:\Sachi\Documents\Projects\Web_StoryVerse\StoryVerse.Web\bin\Debug\net8.0\StoryVerse.Infrastructure.dll' because it 
is being used by another process. The file is locked by: "Microsoft Visual Studio (18764), StoryVerse.Web (6016)" 
[D:\Sachi\Documents\Projects\Web_StoryVerse\StoryVerse.Web\StoryVerse.Web.csproj]
C:\Program Files\dotnet\sdk\10.0.301\Microsoft.Common.CurrentVersion.targets(5096,5): warning MSB3026: Could not copy 
"D:\Sachi\Documents\Projects\Web_StoryVerse\StoryVerse.Core\bin\Debug\net8.0\StoryVerse.Core.dll" to 
"bin\Debug\net8.0\StoryVerse.Core.dll". Beginning retry 3 in 1000ms. The process cannot access the file 
'D:\Sachi\Documents\Projects\Web_StoryVerse\StoryVerse.Web\bin\Debug\net8.0\StoryVerse.Core.dll' because it is being 
used by another process. The file is locked by: "StoryVerse.Web (6016)" 
[D:\Sachi\Documents\Projects\Web_StoryVerse\StoryVerse.Web\StoryVerse.Web.csproj]
C:\Program Files\dotnet\sdk\10.0.301\Microsoft.Common.CurrentVersion.targets(5096,5): warning MSB3026: Could not copy 
"D:\Sachi\Documents\Projects\Web_StoryVerse\StoryVerse.Infrastructure\bin\Debug\net8.0\StoryVerse.Infrastructure.pdb" 
to "bin\Debug\net8.0\StoryVerse.Infrastructure.pdb". Beginning retry 3 in 1000ms. The process cannot access the file 
'D:\Sachi\Documents\Projects\Web_StoryVerse\StoryVerse.Web\bin\Debug\net8.0\StoryVerse.Infrastructure.pdb' because it 
is being used by another process. The file is locked by: "Microsoft Visual Studio (18764)" 
[D:\Sachi\Documents\Projects\Web_StoryVerse\StoryVerse.Web\StoryVerse.Web.csproj]
C:\Program Files\dotnet\sdk\10.0.301\Microsoft.Common.CurrentVersion.targets(5096,5): warning MSB3026: Could not copy 
"D:\Sachi\Documents\Projects\Web_StoryVerse\StoryVerse.Infrastructure\bin\Debug\net8.0\StoryVerse.Infrastructure.dll" 
to "bin\Debug\net8.0\StoryVerse.Infrastructure.dll". Beginning retry 3 in 1000ms. The process cannot access the file 
'D:\Sachi\Documents\Projects\Web_StoryVerse\StoryVerse.Web\bin\Debug\net8.0\StoryVerse.Infrastructure.dll' because it 
is being used by another process. The file is locked by: "Microsoft Visual Studio (18764), StoryVerse.Web (6016)" 
[D:\Sachi\Documents\Projects\Web_StoryVerse\StoryVerse.Web\StoryVerse.Web.csproj]
C:\Program Files\dotnet\sdk\10.0.301\Microsoft.Common.CurrentVersion.targets(5096,5): warning MSB3026: Could not copy 
"D:\Sachi\Documents\Projects\Web_StoryVerse\StoryVerse.Infrastructure\bin\Debug\net8.0\StoryVerse.Infrastructure.pdb" 
to "bin\Debug\net8.0\StoryVerse.Infrastructure.pdb". Beginning retry 4 in 1000ms. The process cannot access the file 
'D:\Sachi\Documents\Projects\Web_StoryVerse\StoryVerse.Web\bin\Debug\net8.0\StoryVerse.Infrastructure.pdb' because it 
is being used by another process. The file is locked by: "Microsoft Visual Studio (18764)" 
[D:\Sachi\Documents\Projects\Web_StoryVerse\StoryVerse.Web\StoryVerse.Web.csproj]
C:\Program Files\dotnet\sdk\10.0.301\Microsoft.Common.CurrentVersion.targets(5096,5): warning MSB3026: Could not copy 
"D:\Sachi\Documents\Projects\Web_StoryVerse\StoryVerse.Core\bin\Debug\net8.0\StoryVerse.Core.dll" to 
"bin\Debug\net8.0\StoryVerse.Core.dll". Beginning retry 4 in 1000ms. The process cannot access the file 
'D:\Sachi\Documents\Projects\Web_StoryVerse\StoryVerse.Web\bin\Debug\net8.0\StoryVerse.Core.dll' because it is being 
used by another process. The file is locked by: "StoryVerse.Web (6016)" 
[D:\Sachi\Documents\Projects\Web_StoryVerse\StoryVerse.Web\StoryVerse.Web.csproj]
C:\Program Files\dotnet\sdk\10.0.301\Microsoft.Common.CurrentVersion.targets(5096,5): warning MSB3026: Could not copy 
"D:\Sachi\Documents\Projects\Web_StoryVerse\StoryVerse.Infrastructure\bin\Debug\net8.0\StoryVerse.Infrastructure.dll" 
to "bin\Debug\net8.0\StoryVerse.Infrastructure.dll". Beginning retry 4 in 1000ms. The process cannot access the file 
'D:\Sachi\Documents\Projects\Web_StoryVerse\StoryVerse.Web\bin\Debug\net8.0\StoryVerse.Infrastructure.dll' because it 
is being used by another process. The file is locked by: "Microsoft Visual Studio (18764), StoryVerse.Web (6016)" 
[D:\Sachi\Documents\Projects\Web_StoryVerse\StoryVerse.Web\StoryVerse.Web.csproj]
C:\Program Files\dotnet\sdk\10.0.301\Microsoft.Common.CurrentVersion.targets(5096,5): warning MSB3026: Could not copy 
"D:\Sachi\Documents\Projects\Web_StoryVerse\StoryVerse.Core\bin\Debug\net8.0\StoryVerse.Core.dll" to 
"bin\Debug\net8.0\StoryVerse.Core.dll". Beginning retry 5 in 1000ms. The process cannot access the file 
'D:\Sachi\Documents\Projects\Web_StoryVerse\StoryVerse.Web\bin\Debug\net8.0\StoryVerse.Core.dll' because it is being 
used by another process. The file is locked by: "StoryVerse.Web (6016)" 
[D:\Sachi\Documents\Projects\Web_StoryVerse\StoryVerse.Web\StoryVerse.Web.csproj]
C:\Program Files\dotnet\sdk\10.0.301\Microsoft.Common.CurrentVersion.targets(5096,5): warning MSB3026: Could not copy 
"D:\Sachi\Documents\Projects\Web_StoryVerse\StoryVerse.Infrastructure\bin\Debug\net8.0\StoryVerse.Infrastructure.pdb" 
to "bin\Debug\net8.0\StoryVerse.Infrastructure.pdb". Beginning retry 5 in 1000ms. The process cannot access the file 
'D:\Sachi\Documents\Projects\Web_StoryVerse\StoryVerse.Web\bin\Debug\net8.0\StoryVerse.Infrastructure.pdb' because it 
is being used by another process. The file is locked by: "Microsoft Visual Studio (18764)" 
[D:\Sachi\Documents\Projects\Web_StoryVerse\StoryVerse.Web\StoryVerse.Web.csproj]
C:\Program Files\dotnet\sdk\10.0.301\Microsoft.Common.CurrentVersion.targets(5096,5): warning MSB3026: Could not copy 
"D:\Sachi\Documents\Projects\Web_StoryVerse\StoryVerse.Infrastructure\bin\Debug\net8.0\StoryVerse.Infrastructure.dll" 
to "bin\Debug\net8.0\StoryVerse.Infrastructure.dll". Beginning retry 5 in 1000ms. The process cannot access the file 
'D:\Sachi\Documents\Projects\Web_StoryVerse\StoryVerse.Web\bin\Debug\net8.0\StoryVerse.Infrastructure.dll' because it 
is being used by another process. The file is locked by: "Microsoft Visual Studio (18764), StoryVerse.Web (6016)" 
[D:\Sachi\Documents\Projects\Web_StoryVerse\StoryVerse.Web\StoryVerse.Web.csproj]
C:\Program Files\dotnet\sdk\10.0.301\Microsoft.Common.CurrentVersion.targets(5096,5): warning MSB3026: Could not copy 
"D:\Sachi\Documents\Projects\Web_StoryVerse\StoryVerse.Core\bin\Debug\net8.0\StoryVerse.Core.dll" to 
"bin\Debug\net8.0\StoryVerse.Core.dll". Beginning retry 6 in 1000ms. The process cannot access the file 
'D:\Sachi\Documents\Projects\Web_StoryVerse\StoryVerse.Web\bin\Debug\net8.0\StoryVerse.Core.dll' because it is being 
used by another process. The file is locked by: "StoryVerse.Web (6016)" 
[D:\Sachi\Documents\Projects\Web_StoryVerse\StoryVerse.Web\StoryVerse.Web.csproj]
C:\Program Files\dotnet\sdk\10.0.301\Microsoft.Common.CurrentVersion.targets(5096,5): warning MSB3026: Could not copy 
"D:\Sachi\Documents\Projects\Web_StoryVerse\StoryVerse.Infrastructure\bin\Debug\net8.0\StoryVerse.Infrastructure.pdb" 
to "bin\Debug\net8.0\StoryVerse.Infrastructure.pdb". Beginning retry 6 in 1000ms. The process cannot access the file 
'D:\Sachi\Documents\Projects\Web_StoryVerse\StoryVerse.Web\bin\Debug\net8.0\StoryVerse.Infrastructure.pdb' because it 
is being used by another process. The file is locked by: "Microsoft Visual Studio (18764)" 
[D:\Sachi\Documents\Projects\Web_StoryVerse\StoryVerse.Web\StoryVerse.Web.csproj]
C:\Program Files\dotnet\sdk\10.0.301\Microsoft.Common.CurrentVersion.targets(5096,5): warning MSB3026: Could not copy 
"D:\Sachi\Documents\Projects\Web_StoryVerse\StoryVerse.Infrastructure\bin\Debug\net8.0\StoryVerse.Infrastructure.dll" 
to "bin\Debug\net8.0\StoryVerse.Infrastructure.dll". Beginning retry 6 in 1000ms. The process cannot access the file 
'D:\Sachi\Documents\Projects\Web_StoryVerse\StoryVerse.Web\bin\Debug\net8.0\StoryVerse.Infrastructure.dll' because it 
is being used by another process. The file is locked by: "Microsoft Visual Studio (18764), StoryVerse.Web (6016)" 
[D:\Sachi\Documents\Projects\Web_StoryVerse\StoryVerse.Web\StoryVerse.Web.csproj]
C:\Program Files\dotnet\sdk\10.0.301\Microsoft.Common.CurrentVersion.targets(5096,5): warning MSB3026: Could not copy 
"D:\Sachi\Documents\Projects\Web_StoryVerse\StoryVerse.Core\bin\Debug\net8.0\StoryVerse.Core.dll" to 
"bin\Debug\net8.0\StoryVerse.Core.dll". Beginning retry 7 in 1000ms. The process cannot access the file 
'D:\Sachi\Documents\Projects\Web_StoryVerse\StoryVerse.Web\bin\Debug\net8.0\StoryVerse.Core.dll' because it is being 
used by another process. The file is locked by: "StoryVerse.Web (6016)" 
[D:\Sachi\Documents\Projects\Web_StoryVerse\StoryVerse.Web\StoryVerse.Web.csproj]
C:\Program Files\dotnet\sdk\10.0.301\Microsoft.Common.CurrentVersion.targets(5096,5): warning MSB3026: Could not copy 
"D:\Sachi\Documents\Projects\Web_StoryVerse\StoryVerse.Infrastructure\bin\Debug\net8.0\StoryVerse.Infrastructure.pdb" 
to "bin\Debug\net8.0\StoryVerse.Infrastructure.pdb". Beginning retry 7 in 1000ms. The process cannot access the file 
'D:\Sachi\Documents\Projects\Web_StoryVerse\StoryVerse.Web\bin\Debug\net8.0\StoryVerse.Infrastructure.pdb' because it 
is being used by another process. The file is locked by: "Microsoft Visual Studio (18764)" 
[D:\Sachi\Documents\Projects\Web_StoryVerse\StoryVerse.Web\StoryVerse.Web.csproj]
C:\Program Files\dotnet\sdk\10.0.301\Microsoft.Common.CurrentVersion.targets(5096,5): warning MSB3026: Could not copy 
"D:\Sachi\Documents\Projects\Web_StoryVerse\StoryVerse.Infrastructure\bin\Debug\net8.0\StoryVerse.Infrastructure.dll" 
to "bin\Debug\net8.0\StoryVerse.Infrastructure.dll". Beginning retry 7 in 1000ms. The process cannot access the file 
'D:\Sachi\Documents\Projects\Web_StoryVerse\StoryVerse.Web\bin\Debug\net8.0\StoryVerse.Infrastructure.dll' because it 
is being used by another process. The file is locked by: "Microsoft Visual Studio (18764), StoryVerse.Web (6016)" 
[D:\Sachi\Documents\Projects\Web_StoryVerse\StoryVerse.Web\StoryVerse.Web.csproj]
C:\Program Files\dotnet\sdk\10.0.301\Microsoft.Common.CurrentVersion.targets(5096,5): warning MSB3026: Could not copy 
"D:\Sachi\Documents\Projects\Web_StoryVerse\StoryVerse.Core\bin\Debug\net8.0\StoryVerse.Core.dll" to 
"bin\Debug\net8.0\StoryVerse.Core.dll". Beginning retry 8 in 1000ms. The process cannot access the file 
'D:\Sachi\Documents\Projects\Web_StoryVerse\StoryVerse.Web\bin\Debug\net8.0\StoryVerse.Core.dll' because it is being 
used by another process. The file is locked by: "StoryVerse.Web (6016)" 
[D:\Sachi\Documents\Projects\Web_StoryVerse\StoryVerse.Web\StoryVerse.Web.csproj]
C:\Program Files\dotnet\sdk\10.0.301\Microsoft.Common.CurrentVersion.targets(5096,5): warning MSB3026: Could not copy 
"D:\Sachi\Documents\Projects\Web_StoryVerse\StoryVerse.Infrastructure\bin\Debug\net8.0\StoryVerse.Infrastructure.pdb" 
to "bin\Debug\net8.0\StoryVerse.Infrastructure.pdb". Beginning retry 8 in 1000ms. The process cannot access the file 
'D:\Sachi\Documents\Projects\Web_StoryVerse\StoryVerse.Web\bin\Debug\net8.0\StoryVerse.Infrastructure.pdb' because it 
is being used by another process. The file is locked by: "Microsoft Visual Studio (18764)" 
[D:\Sachi\Documents\Projects\Web_StoryVerse\StoryVerse.Web\StoryVerse.Web.csproj]
C:\Program Files\dotnet\sdk\10.0.301\Microsoft.Common.CurrentVersion.targets(5096,5): warning MSB3026: Could not copy 
"D:\Sachi\Documents\Projects\Web_StoryVerse\StoryVerse.Infrastructure\bin\Debug\net8.0\StoryVerse.Infrastructure.dll" 
to "bin\Debug\net8.0\StoryVerse.Infrastructure.dll". Beginning retry 8 in 1000ms. The process cannot access the file 
'D:\Sachi\Documents\Projects\Web_StoryVerse\StoryVerse.Web\bin\Debug\net8.0\StoryVerse.Infrastructure.dll' because it 
is being used by another process. The file is locked by: "Microsoft Visual Studio (18764), StoryVerse.Web (6016)" 
[D:\Sachi\Documents\Projects\Web_StoryVerse\StoryVerse.Web\StoryVerse.Web.csproj]
C:\Program Files\dotnet\sdk\10.0.301\Microsoft.Common.CurrentVersion.targets(5096,5): warning MSB3026: Could not copy 
"D:\Sachi\Documents\Projects\Web_StoryVerse\StoryVerse.Core\bin\Debug\net8.0\StoryVerse.Core.dll" to 
"bin\Debug\net8.0\StoryVerse.Core.dll". Beginning retry 9 in 1000ms. The process cannot access the file 
'D:\Sachi\Documents\Projects\Web_StoryVerse\StoryVerse.Web\bin\Debug\net8.0\StoryVerse.Core.dll' because it is being 
used by another process. The file is locked by: "StoryVerse.Web (6016)" 
[D:\Sachi\Documents\Projects\Web_StoryVerse\StoryVerse.Web\StoryVerse.Web.csproj]
C:\Program Files\dotnet\sdk\10.0.301\Microsoft.Common.CurrentVersion.targets(5096,5): warning MSB3026: Could not copy 
"D:\Sachi\Documents\Projects\Web_StoryVerse\StoryVerse.Infrastructure\bin\Debug\net8.0\StoryVerse.Infrastructure.pdb" 
to "bin\Debug\net8.0\StoryVerse.Infrastructure.pdb". Beginning retry 9 in 1000ms. The process cannot access the file 
'D:\Sachi\Documents\Projects\Web_StoryVerse\StoryVerse.Web\bin\Debug\net8.0\StoryVerse.Infrastructure.pdb' because it 
is being used by another process. The file is locked by: "Microsoft Visual Studio (18764)" 
[D:\Sachi\Documents\Projects\Web_StoryVerse\StoryVerse.Web\StoryVerse.Web.csproj]
C:\Program Files\dotnet\sdk\10.0.301\Microsoft.Common.CurrentVersion.targets(5096,5): warning MSB3026: Could not copy 
"D:\Sachi\Documents\Projects\Web_StoryVerse\StoryVerse.Infrastructure\bin\Debug\net8.0\StoryVerse.Infrastructure.dll" 
to "bin\Debug\net8.0\StoryVerse.Infrastructure.dll". Beginning retry 9 in 1000ms. The process cannot access the file 
'D:\Sachi\Documents\Projects\Web_StoryVerse\StoryVerse.Web\bin\Debug\net8.0\StoryVerse.Infrastructure.dll' because it 
is being used by another process. The file is locked by: "Microsoft Visual Studio (18764), StoryVerse.Web (6016)" 
[D:\Sachi\Documents\Projects\Web_StoryVerse\StoryVerse.Web\StoryVerse.Web.csproj]
C:\Program Files\dotnet\sdk\10.0.301\Microsoft.Common.CurrentVersion.targets(5096,5): warning MSB3026: Could not copy 
"D:\Sachi\Documents\Projects\Web_StoryVerse\StoryVerse.Core\bin\Debug\net8.0\StoryVerse.Core.dll" to 
"bin\Debug\net8.0\StoryVerse.Core.dll". Beginning retry 10 in 1000ms. The process cannot access the file 
'D:\Sachi\Documents\Projects\Web_StoryVerse\StoryVerse.Web\bin\Debug\net8.0\StoryVerse.Core.dll' because it is being 
used by another process. The file is locked by: "StoryVerse.Web (6016)" 
[D:\Sachi\Documents\Projects\Web_StoryVerse\StoryVerse.Web\StoryVerse.Web.csproj]
C:\Program Files\dotnet\sdk\10.0.301\Microsoft.Common.CurrentVersion.targets(5096,5): warning MSB3026: Could not copy 
"D:\Sachi\Documents\Projects\Web_StoryVerse\StoryVerse.Infrastructure\bin\Debug\net8.0\StoryVerse.Infrastructure.pdb" 
to "bin\Debug\net8.0\StoryVerse.Infrastructure.pdb". Beginning retry 10 in 1000ms. The process cannot access the file 
'D:\Sachi\Documents\Projects\Web_StoryVerse\StoryVerse.Web\bin\Debug\net8.0\StoryVerse.Infrastructure.pdb' because it 
is being used by another process. The file is locked by: "Microsoft Visual Studio (18764)" 
[D:\Sachi\Documents\Projects\Web_StoryVerse\StoryVerse.Web\StoryVerse.Web.csproj]
C:\Program Files\dotnet\sdk\10.0.301\Microsoft.Common.CurrentVersion.targets(5096,5): warning MSB3026: Could not copy 
"D:\Sachi\Documents\Projects\Web_StoryVerse\StoryVerse.Infrastructure\bin\Debug\net8.0\StoryVerse.Infrastructure.dll" 
to "bin\Debug\net8.0\StoryVerse.Infrastructure.dll". Beginning retry 10 in 1000ms. The process cannot access the file 
'D:\Sachi\Documents\Projects\Web_StoryVerse\StoryVerse.Web\bin\Debug\net8.0\StoryVerse.Infrastructure.dll' because it 
is being used by another process. The file is locked by: "Microsoft Visual Studio (18764), StoryVerse.Web (6016)" 
[D:\Sachi\Documents\Projects\Web_StoryVerse\StoryVerse.Web\StoryVerse.Web.csproj]
C:\Program Files\dotnet\sdk\10.0.301\Microsoft.Common.CurrentVersion.targets(5096,5): error MSB3027: Could not copy 
"D:\Sachi\Documents\Projects\Web_StoryVerse\StoryVerse.Infrastructure\bin\Debug\net8.0\StoryVerse.Infrastructure.pdb" 
to "bin\Debug\net8.0\StoryVerse.Infrastructure.pdb". Exceeded retry count of 10. Failed. The file is locked by: 
"Microsoft Visual Studio (18764)" [D:\Sachi\Documents\Projects\Web_StoryVerse\StoryVerse.Web\StoryVerse.Web.csproj]
C:\Program Files\dotnet\sdk\10.0.301\Microsoft.Common.CurrentVersion.targets(5096,5): error MSB3027: Could not copy 
"D:\Sachi\Documents\Projects\Web_StoryVerse\StoryVerse.Core\bin\Debug\net8.0\StoryVerse.Core.dll" to 
"bin\Debug\net8.0\StoryVerse.Core.dll". Exceeded retry count of 10. Failed. The file is locked by: "StoryVerse.Web 
(6016)" [D:\Sachi\Documents\Projects\Web_StoryVerse\StoryVerse.Web\StoryVerse.Web.csproj]
C:\Program Files\dotnet\sdk\10.0.301\Microsoft.Common.CurrentVersion.targets(5096,5): error MSB3021: Unable to copy 
file "D:\Sachi\Documents\Projects\Web_StoryVerse\StoryVerse.Core\bin\Debug\net8.0\StoryVerse.Core.dll" to 
"bin\Debug\net8.0\StoryVerse.Core.dll". The process cannot access the file 
'D:\Sachi\Documents\Projects\Web_StoryVerse\StoryVerse.Web\bin\Debug\net8.0\StoryVerse.Core.dll' because it is being 
used by another process. [D:\Sachi\Documents\Projects\Web_StoryVerse\StoryVerse.Web\StoryVerse.Web.csproj]
C:\Program Files\dotnet\sdk\10.0.301\Microsoft.Common.CurrentVersion.targets(5096,5): error MSB3021: Unable to copy 
file 
"D:\Sachi\Documents\Projects\Web_StoryVerse\StoryVerse.Infrastructure\bin\Debug\net8.0\StoryVerse.Infrastructure.pdb" 
to "bin\Debug\net8.0\StoryVerse.Infrastructure.pdb". The process cannot access the file 
'D:\Sachi\Documents\Projects\Web_StoryVerse\StoryVerse.Web\bin\Debug\net8.0\StoryVerse.Infrastructure.pdb' because it 
is being used by another process. [D:\Sachi\Documents\Projects\Web_StoryVerse\StoryVerse.Web\StoryVerse.Web.csproj]
C:\Program Files\dotnet\sdk\10.0.301\Microsoft.Common.CurrentVersion.targets(5096,5): error MSB3027: Could not copy 
"D:\Sachi\Documents\Projects\Web_StoryVerse\StoryVerse.Infrastructure\bin\Debug\net8.0\StoryVerse.Infrastructure.dll" 
to "bin\Debug\net8.0\StoryVerse.Infrastructure.dll". Exceeded retry count of 10. Failed. The file is locked by: 
"Microsoft Visual Studio (18764), StoryVerse.Web (6016)" 
[D:\Sachi\Documents\Projects\Web_StoryVerse\StoryVerse.Web\StoryVerse.Web.csproj]
C:\Program Files\dotnet\sdk\10.0.301\Microsoft.Common.CurrentVersion.targets(5096,5): error MSB3021: Unable to copy 
file 
"D:\Sachi\Documents\Projects\Web_StoryVerse\StoryVerse.Infrastructure\bin\Debug\net8.0\StoryVerse.Infrastructure.dll" 
to "bin\Debug\net8.0\StoryVerse.Infrastructure.dll". The process cannot access the file 
'D:\Sachi\Documents\Projects\Web_StoryVerse\StoryVerse.Web\bin\Debug\net8.0\StoryVerse.Infrastructure.dll' because it 
is being used by another process. [D:\Sachi\Documents\Projects\Web_StoryVerse\StoryVerse.Web\StoryVerse.Web.csproj]
    30 Warning(s)
    6 Error(s)

Time Elapsed 00:00:18.27



